hostfs: dta HELLO.TXT len 6 attr 0x00
hostfs: dta MANY len 0 attr 0x10
hostfs: dta SUB len 0 attr 0x10
hostfs: dta A+B.C len 0 attr 0x00
hostfs: dta VERYLONG.TXT len 0 attr 0x00
hostfs: dta . len 0 attr 0x10
hostfs: dta .. len 0 attr 0x10
hostfs: dta DEEP.TXT len 7 attr 0x00
hostfs: dta INNER.TXT len 11 attr 0x00
hostfs: dta . len 0 attr 0x10
hostfs: dta .. len 0 attr 0x10
hostfs: dta DEEP.TXT len 7 attr 0x00
hostfs: dta INNER.TXT len 11 attr 0x00
hostfs: dta . len 0 attr 0x10
hostfs: dta .. len 0 attr 0x10
hostfs: dta NOTE001.TXT len 8 attr 0x00
hostfs: dta NOTE005.TXT len 8 attr 0x00
hostfs: dta NOTE009.TXT len 8 attr 0x00
hostfs: dta NOTE013.TXT len 9 attr 0x00
hostfs: dta NOTE017.TXT len 9 attr 0x00
hostfs: dta NOTE021.TXT len 9 attr 0x00
hostfs: dta NOTE025.TXT len 9 attr 0x00
hostfs: dta NOTE029.TXT len 9 attr 0x00
hostfs: dta NOTE033.TXT len 9 attr 0x00
hostfs: dta NOTE037.TXT len 9 attr 0x00
hostfs: dta NOTE041.TXT len 9 attr 0x00
hostfs: dta NOTE045.TXT len 9 attr 0x00
hostfs: dta NOTE049.TXT len 9 attr 0x00
hostfs: dta NOTE053.TXT len 9 attr 0x00
hostfs: dta NOTE057.TXT len 9 attr 0x00
hostfs: dta NOTE061.TXT len 9 attr 0x00
hostfs: dta NOTE065.TXT len 9 attr 0x00
hostfs: dta NOTE069.TXT len 9 attr 0x00
hostfs: dta NOTE073.TXT len 9 attr 0x00
hostfs: dta NOTE077.TXT len 9 attr 0x00
hostfs: dta NOTE081.TXT len 9 attr 0x00
hostfs: dta NOTE085.TXT len 9 attr 0x00
hostfs: dta NOTE089.TXT len 9 attr 0x00
hostfs: dta NOTE093.TXT len 9 attr 0x00
hostfs: dta NOTE097.TXT len 9 attr 0x00
hostfs: dta NOTE101.TXT len 10 attr 0x00
hostfs: dta NOTE105.TXT len 10 attr 0x00
hostfs: dta NOTE109.TXT len 10 attr 0x00
hostfs: dta NOTE113.TXT len 10 attr 0x00
hostfs: dta NOTE117.TXT len 10 attr 0x00
hostfs: dta ZZ002.DOC len 8 attr 0x00
hostfs: dta ZZ006.DOC len 8 attr 0x00
hostfs: dta ZZ010.DOC len 9 attr 0x00
hostfs: dta ZZ014.DOC len 9 attr 0x00
hostfs: dta ZZ018.DOC len 9 attr 0x00
hostfs: dta ZZ022.DOC len 9 attr 0x00
hostfs: dta ZZ026.DOC len 9 attr 0x00
hostfs: dta ZZ030.DOC len 9 attr 0x00
hostfs: dta ZZ034.DOC len 9 attr 0x00
hostfs: dta ZZ038.DOC len 9 attr 0x00
hostfs: dta ZZ042.DOC len 9 attr 0x00
hostfs: dta ZZ046.DOC len 9 attr 0x00
hostfs: dta ZZ050.DOC len 9 attr 0x00
hostfs: dta ZZ054.DOC len 9 attr 0x00
hostfs: dta ZZ058.DOC len 9 attr 0x00
hostfs: dta ZZ062.DOC len 9 attr 0x00
hostfs: dta ZZ066.DOC len 9 attr 0x00
hostfs: dta ZZ070.DOC len 9 attr 0x00
hostfs: dta ZZ074.DOC len 9 attr 0x00
hostfs: dta ZZ078.DOC len 9 attr 0x00
hostfs: dta ZZ082.DOC len 9 attr 0x00
hostfs: dta ZZ086.DOC len 9 attr 0x00
hostfs: dta ZZ090.DOC len 9 attr 0x00
hostfs: dta ZZ094.DOC len 9 attr 0x00
hostfs: dta ZZ098.DOC len 9 attr 0x00
hostfs: dta ZZ102.DOC len 10 attr 0x00
hostfs: dta ZZ106.DOC len 10 attr 0x00
hostfs: dta ZZ110.DOC len 10 attr 0x00
hostfs: dta ZZ114.DOC len 10 attr 0x00
hostfs: dta ZZ118.DOC len 10 attr 0x00
hostfs: dta A003 len 8 attr 0x00
hostfs: dta A007 len 8 attr 0x00
hostfs: dta A011 len 9 attr 0x00
hostfs: dta A015 len 9 attr 0x00
hostfs: dta A019 len 9 attr 0x00
hostfs: dta A023 len 9 attr 0x00
hostfs: dta A027 len 9 attr 0x00
hostfs: dta A031 len 9 attr 0x00
hostfs: dta A035 len 9 attr 0x00
hostfs: dta A039 len 9 attr 0x00
hostfs: dta A043 len 9 attr 0x00
hostfs: dta A047 len 9 attr 0x00
hostfs: dta A051 len 9 attr 0x00
hostfs: dta A055 len 9 attr 0x00
hostfs: dta A059 len 9 attr 0x00
hostfs: dta A063 len 9 attr 0x00
hostfs: dta A067 len 9 attr 0x00
hostfs: dta A071 len 9 attr 0x00
hostfs: dta A075 len 9 attr 0x00
hostfs: dta A079 len 9 attr 0x00
hostfs: dta A083 len 9 attr 0x00
hostfs: dta A087 len 9 attr 0x00
hostfs: dta A091 len 9 attr 0x00
hostfs: dta A095 len 9 attr 0x00
hostfs: dta A099 len 9 attr 0x00
hostfs: dta A103 len 10 attr 0x00
hostfs: dta A107 len 10 attr 0x00
hostfs: dta A111 len 10 attr 0x00
hostfs: dta A115 len 10 attr 0x00
hostfs: dta A119 len 10 attr 0x00
hostfs: dta DATA000.BIN len 8 attr 0x00
hostfs: dta DATA004.BIN len 8 attr 0x00
hostfs: dta DATA008.BIN len 8 attr 0x00
hostfs: dta DATA012.BIN len 9 attr 0x00
hostfs: dta DATA016.BIN len 9 attr 0x00
hostfs: dta DATA020.BIN len 9 attr 0x00
hostfs: dta DATA024.BIN len 9 attr 0x00
hostfs: dta DATA028.BIN len 9 attr 0x00
hostfs: dta DATA032.BIN len 9 attr 0x00
hostfs: dta DATA036.BIN len 9 attr 0x00
hostfs: dta DATA040.BIN len 9 attr 0x00
hostfs: dta DATA044.BIN len 9 attr 0x00
hostfs: dta DATA048.BIN len 9 attr 0x00
hostfs: dta DATA052.BIN len 9 attr 0x00
hostfs: dta DATA056.BIN len 9 attr 0x00
hostfs: dta DATA060.BIN len 9 attr 0x00
hostfs: dta DATA064.BIN len 9 attr 0x00
hostfs: dta DATA068.BIN len 9 attr 0x00
hostfs: dta DATA072.BIN len 9 attr 0x00
hostfs: dta DATA076.BIN len 9 attr 0x00
hostfs: dta DATA080.BIN len 9 attr 0x00
hostfs: dta DATA084.BIN len 9 attr 0x00
hostfs: dta DATA088.BIN len 9 attr 0x00
hostfs: dta DATA092.BIN len 9 attr 0x00
hostfs: dta DATA096.BIN len 9 attr 0x00
hostfs: dta DATA100.BIN len 10 attr 0x00
hostfs: dta DATA104.BIN len 10 attr 0x00
hostfs: dta DATA108.BIN len 10 attr 0x00
hostfs: dta DATA112.BIN len 10 attr 0x00
hostfs: dta DATA116.BIN len 10 attr 0x00
