hostfs: fsfirst BIG.DAT
hostfs: fsnext FIXED.TXT
hostfs: fsnext HELLO.TXT
hostfs: fsnext MANY
hostfs: fsnext README.TXT
hostfs: fsnext SUB
hostfs: fsnext A+B.C
hostfs: fsnext VERYLONG.TXT
hostfs: fsfirst .
hostfs: fsnext ..
hostfs: fsnext DEEP
hostfs: fsnext DEEP.TXT
hostfs: fsnext INNER.TXT
hostfs: fsfirst .
hostfs: fsnext ..
hostfs: fsnext DEEP
hostfs: fsnext DEEP.TXT
hostfs: fsnext INNER.TXT
hostfs: fsfirst .
hostfs: fsnext ..
hostfs: fsnext NOTE001.TXT
hostfs: fsnext NOTE005.TXT
hostfs: fsnext NOTE009.TXT
hostfs: fsnext NOTE013.TXT
hostfs: fsnext NOTE017.TXT
hostfs: fsnext NOTE021.TXT
hostfs: fsnext NOTE025.TXT
hostfs: fsnext NOTE029.TXT
hostfs: fsnext NOTE033.TXT
hostfs: fsnext NOTE037.TXT
hostfs: fsnext NOTE041.TXT
hostfs: fsnext NOTE045.TXT
hostfs: fsnext NOTE049.TXT
hostfs: fsnext NOTE053.TXT
hostfs: fsnext NOTE057.TXT
hostfs: fsnext NOTE061.TXT
hostfs: fsnext NOTE065.TXT
hostfs: fsnext NOTE069.TXT
hostfs: fsnext NOTE073.TXT
hostfs: fsnext NOTE077.TXT
hostfs: fsnext NOTE081.TXT
hostfs: fsnext NOTE085.TXT
hostfs: fsnext NOTE089.TXT
hostfs: fsnext NOTE093.TXT
hostfs: fsnext NOTE097.TXT
hostfs: fsnext NOTE101.TXT
hostfs: fsnext NOTE105.TXT
hostfs: fsnext NOTE109.TXT
hostfs: fsnext NOTE113.TXT
hostfs: fsnext NOTE117.TXT
hostfs: fsnext ZZ002.DOC
hostfs: fsnext ZZ006.DOC
hostfs: fsnext ZZ010.DOC
hostfs: fsnext ZZ014.DOC
hostfs: fsnext ZZ018.DOC
hostfs: fsnext ZZ022.DOC
hostfs: fsnext ZZ026.DOC
hostfs: fsnext ZZ030.DOC
hostfs: fsnext ZZ034.DOC
hostfs: fsnext ZZ038.DOC
hostfs: fsnext ZZ042.DOC
hostfs: fsnext ZZ046.DOC
hostfs: fsnext ZZ050.DOC
hostfs: fsnext ZZ054.DOC
hostfs: fsnext ZZ058.DOC
hostfs: fsnext ZZ062.DOC
hostfs: fsnext ZZ066.DOC
hostfs: fsnext ZZ070.DOC
hostfs: fsnext ZZ074.DOC
hostfs: fsnext ZZ078.DOC
hostfs: fsnext ZZ082.DOC
hostfs: fsnext ZZ086.DOC
hostfs: fsnext ZZ090.DOC
hostfs: fsnext ZZ094.DOC
hostfs: fsnext ZZ098.DOC
hostfs: fsnext ZZ102.DOC
hostfs: fsnext ZZ106.DOC
hostfs: fsnext ZZ110.DOC
hostfs: fsnext ZZ114.DOC
hostfs: fsnext ZZ118.DOC
hostfs: fsnext A003
hostfs: fsnext A007
hostfs: fsnext A011
hostfs: fsnext A015
hostfs: fsnext A019
hostfs: fsnext A023
hostfs: fsnext A027
hostfs: fsnext A031
hostfs: fsnext A035
hostfs: fsnext A039
hostfs: fsnext A043
hostfs: fsnext A047
hostfs: fsnext A051
hostfs: fsnext A055
hostfs: fsnext A059
hostfs: fsnext A063
hostfs: fsnext A067
hostfs: fsnext A071
hostfs: fsnext A075
hostfs: fsnext A079
hostfs: fsnext A083
hostfs: fsnext A087
hostfs: fsnext A091
hostfs: fsnext A095
hostfs: fsnext A099
hostfs: fsnext A103
hostfs: fsnext A107
hostfs: fsnext A111
hostfs: fsnext A115
hostfs: fsnext A119
hostfs: fsnext DATA000.BIN
hostfs: fsnext DATA004.BIN
hostfs: fsnext DATA008.BIN
hostfs: fsnext DATA012.BIN
hostfs: fsnext DATA016.BIN
hostfs: fsnext DATA020.BIN
hostfs: fsnext DATA024.BIN
hostfs: fsnext DATA028.BIN
hostfs: fsnext DATA032.BIN
hostfs: fsnext DATA036.BIN
hostfs: fsnext DATA040.BIN
hostfs: fsnext DATA044.BIN
hostfs: fsnext DATA048.BIN
hostfs: fsnext DATA052.BIN
hostfs: fsnext DATA056.BIN
hostfs: fsnext DATA060.BIN
hostfs: fsnext DATA064.BIN
hostfs: fsnext DATA068.BIN
hostfs: fsnext DATA072.BIN
hostfs: fsnext DATA076.BIN
hostfs: fsnext DATA080.BIN
hostfs: fsnext DATA084.BIN
hostfs: fsnext DATA088.BIN
hostfs: fsnext DATA092.BIN
hostfs: fsnext DATA096.BIN
hostfs: fsnext DATA100.BIN
hostfs: fsnext DATA104.BIN
hostfs: fsnext DATA108.BIN
hostfs: fsnext DATA112.BIN
hostfs: fsnext DATA116.BIN
hostfs: fsfirst BIG.DAT
hostfs: fsfirst BIG.DAT
hostfs: fsnext FIXED.TXT
